2026-09-20T17:50:27.306616+00:00 START 001-correctness-ep4-allgather-caplive-r1 (1/60)
2026-09-20T18:06:47.352570+00:00 PASS 001-correctness-ep4-allgather-caplive-r1
2026-09-20T18:06:48.465675+00:00 START 002-correctness-ep4-allgather-cap32768-r1 (2/60)
2026-09-20T18:08:55.982552+00:00 PASS 002-correctness-ep4-allgather-cap32768-r1
2026-09-20T18:08:57.088132+00:00 START 003-correctness-ep4-allreduce-caplive-r1 (3/60)
2026-09-20T18:10:57.700170+00:00 PASS 003-correctness-ep4-allreduce-caplive-r1
2026-09-20T18:10:58.789851+00:00 START 004-correctness-ep4-allreduce-cap32768-r1 (4/60)
2026-09-20T18:12:42.828928+00:00 PASS 004-correctness-ep4-allreduce-cap32768-r1
2026-09-20T18:12:43.991489+00:00 START 005-correctness-ep8-allgather-caplive-r1 (5/60)
2026-09-20T18:15:28.305269+00:00 PASS 005-correctness-ep8-allgather-caplive-r1
2026-09-20T18:15:29.546096+00:00 START 006-correctness-ep8-allgather-cap32768-r1 (6/60)
2026-09-20T18:18:16.358894+00:00 PASS 006-correctness-ep8-allgather-cap32768-r1
2026-09-20T18:18:17.581934+00:00 START 007-correctness-ep8-allreduce-caplive-r1 (7/60)
2026-09-20T18:21:03.293728+00:00 PASS 007-correctness-ep8-allreduce-caplive-r1
2026-09-20T18:21:04.605858+00:00 START 008-correctness-ep8-allreduce-cap32768-r1 (8/60)
2026-09-20T18:23:48.516191+00:00 PASS 008-correctness-ep8-allreduce-cap32768-r1
2026-09-20T18:23:49.613602+00:00 START 009-core-ep4-alltoall-caplive-r1 (9/60)
2026-09-20T18:29:49.143289+00:00 PASS 009-core-ep4-alltoall-caplive-r1
2026-09-20T18:29:50.250978+00:00 START 010-core-ep4-alltoall-cap32768-r1 (10/60)
2026-09-20T18:32:52.430863+00:00 PASS 010-core-ep4-alltoall-cap32768-r1
2026-09-20T18:32:53.514673+00:00 START 011-core-ep4-allgather-caplive-r1 (11/60)
2026-09-20T18:35:43.832974+00:00 PASS 011-core-ep4-allgather-caplive-r1
2026-09-20T18:35:44.924983+00:00 START 012-core-ep4-allgather-cap32768-r1 (12/60)
2026-09-20T18:38:44.104350+00:00 PASS 012-core-ep4-allgather-cap32768-r1
2026-09-20T18:38:45.197388+00:00 START 013-core-ep4-allreduce-caplive-r1 (13/60)
2026-09-20T18:41:46.630137+00:00 PASS 013-core-ep4-allreduce-caplive-r1
2026-09-20T18:41:47.731819+00:00 START 014-core-ep4-allreduce-cap32768-r1 (14/60)
2026-09-20T18:44:52.515982+00:00 PASS 014-core-ep4-allreduce-cap32768-r1
2026-09-20T18:44:53.636941+00:00 START 015-core-ep8-alltoall-caplive-r1 (15/60)
2026-09-20T18:49:13.063227+00:00 PASS 015-core-ep8-alltoall-caplive-r1
2026-09-20T18:49:14.168248+00:00 START 016-core-ep8-alltoall-cap32768-r1 (16/60)
2026-09-20T18:53:33.145037+00:00 PASS 016-core-ep8-alltoall-cap32768-r1
2026-09-20T18:53:34.259174+00:00 START 017-core-ep8-allgather-caplive-r1 (17/60)
2026-09-20T18:57:40.868115+00:00 PASS 017-core-ep8-allgather-caplive-r1
2026-09-20T18:57:41.943232+00:00 START 018-core-ep8-allgather-cap32768-r1 (18/60)
2026-09-20T19:01:49.853147+00:00 PASS 018-core-ep8-allgather-cap32768-r1
2026-09-20T19:01:51.004194+00:00 START 019-core-ep8-allreduce-caplive-r1 (19/60)
2026-09-20T19:05:59.419678+00:00 PASS 019-core-ep8-allreduce-caplive-r1
2026-09-20T19:06:00.722490+00:00 START 020-core-ep8-allreduce-cap32768-r1 (20/60)
2026-09-20T19:10:08.586393+00:00 PASS 020-core-ep8-allreduce-cap32768-r1
2026-09-20T19:10:09.627776+00:00 START 021-core-ep4-alltoall-caplive-r2 (21/60)
2026-09-20T19:13:09.211462+00:00 PASS 021-core-ep4-alltoall-caplive-r2
2026-09-20T19:13:10.324331+00:00 START 022-core-ep4-alltoall-cap32768-r2 (22/60)
2026-09-20T19:16:16.966216+00:00 PASS 022-core-ep4-alltoall-cap32768-r2
2026-09-20T19:16:18.000295+00:00 START 023-core-ep4-allgather-caplive-r2 (23/60)
2026-09-20T19:19:17.431349+00:00 PASS 023-core-ep4-allgather-caplive-r2
2026-09-20T19:19:18.507678+00:00 START 024-core-ep4-allgather-cap32768-r2 (24/60)
2026-09-20T19:22:21.193770+00:00 PASS 024-core-ep4-allgather-cap32768-r2
2026-09-20T19:22:22.303550+00:00 START 025-core-ep4-allreduce-caplive-r2 (25/60)
2026-09-20T19:25:07.922909+00:00 PASS 025-core-ep4-allreduce-caplive-r2
2026-09-20T19:25:08.992877+00:00 START 026-core-ep4-allreduce-cap32768-r2 (26/60)
2026-09-20T19:28:19.537436+00:00 PASS 026-core-ep4-allreduce-cap32768-r2
2026-09-20T19:28:20.625966+00:00 START 027-core-ep8-alltoall-caplive-r2 (27/60)
2026-09-20T19:32:33.993376+00:00 PASS 027-core-ep8-alltoall-caplive-r2
2026-09-20T19:32:35.105495+00:00 START 028-core-ep8-alltoall-cap32768-r2 (28/60)
2026-09-20T19:36:53.080389+00:00 PASS 028-core-ep8-alltoall-cap32768-r2
2026-09-20T19:36:54.145902+00:00 START 029-core-ep8-allgather-caplive-r2 (29/60)
2026-09-20T19:40:58.600622+00:00 PASS 029-core-ep8-allgather-caplive-r2
2026-09-20T19:40:59.660274+00:00 START 030-core-ep8-allgather-cap32768-r2 (30/60)
2026-09-20T19:45:07.020492+00:00 PASS 030-core-ep8-allgather-cap32768-r2
2026-09-20T19:45:08.525606+00:00 START 031-core-ep8-allreduce-caplive-r2 (31/60)
2026-09-20T19:49:16.440198+00:00 PASS 031-core-ep8-allreduce-caplive-r2
2026-09-20T19:49:17.488589+00:00 START 032-core-ep8-allreduce-cap32768-r2 (32/60)
2026-09-20T19:53:25.301599+00:00 PASS 032-core-ep8-allreduce-cap32768-r2
2026-09-20T19:53:26.388623+00:00 START 033-auto-ep4-allgather-cap32768-r1-n16 (33/60)
2026-09-20T19:55:01.218664+00:00 PASS 033-auto-ep4-allgather-cap32768-r1-n16
2026-09-20T19:55:02.327953+00:00 START 034-auto-ep4-allgather-cap32768-r1-n128 (34/60)
2026-09-20T19:56:35.150718+00:00 PASS 034-auto-ep4-allgather-cap32768-r1-n128
2026-09-20T19:56:36.247079+00:00 START 035-auto-ep4-allgather-cap32768-r1-n1024 (35/60)
2026-09-20T19:58:11.876662+00:00 PASS 035-auto-ep4-allgather-cap32768-r1-n1024
2026-09-20T19:58:12.959429+00:00 START 036-auto-ep8-allgather-cap32768-r1-n16 (36/60)
2026-09-20T20:00:04.260752+00:00 PASS 036-auto-ep8-allgather-cap32768-r1-n16
2026-09-20T20:00:05.340194+00:00 START 037-auto-ep8-allgather-cap32768-r1-n128 (37/60)
2026-09-20T20:01:58.390655+00:00 PASS 037-auto-ep8-allgather-cap32768-r1-n128
2026-09-20T20:01:59.432891+00:00 START 038-auto-ep8-allgather-cap32768-r1-n1024 (38/60)
2026-09-20T20:03:52.083522+00:00 PASS 038-auto-ep8-allgather-cap32768-r1-n1024
2026-09-20T20:03:53.174808+00:00 START 039-auto-ep4-allgather-cap32768-r2-n16 (39/60)
2026-09-20T20:05:21.393671+00:00 PASS 039-auto-ep4-allgather-cap32768-r2-n16
2026-09-20T20:05:22.508493+00:00 START 040-auto-ep4-allgather-cap32768-r2-n128 (40/60)
2026-09-20T20:06:57.031601+00:00 PASS 040-auto-ep4-allgather-cap32768-r2-n128
2026-09-20T20:06:58.183744+00:00 START 041-auto-ep4-allgather-cap32768-r2-n1024 (41/60)
2026-09-20T20:08:34.416008+00:00 PASS 041-auto-ep4-allgather-cap32768-r2-n1024
2026-09-20T20:08:35.501611+00:00 START 042-auto-ep8-allgather-cap32768-r2-n16 (42/60)
2026-09-20T20:10:27.045637+00:00 PASS 042-auto-ep8-allgather-cap32768-r2-n16
2026-09-20T20:10:28.115889+00:00 START 043-auto-ep8-allgather-cap32768-r2-n128 (43/60)
2026-09-20T20:12:19.918941+00:00 PASS 043-auto-ep8-allgather-cap32768-r2-n128
2026-09-20T20:12:20.990420+00:00 START 044-auto-ep8-allgather-cap32768-r2-n1024 (44/60)
2026-09-20T20:14:13.342412+00:00 PASS 044-auto-ep8-allgather-cap32768-r2-n1024
2026-09-20T20:14:14.445392+00:00 START 045-routing-ep4-allgather-cap32768-r1 (45/60)
2026-09-20T20:15:58.330667+00:00 PASS 045-routing-ep4-allgather-cap32768-r1
2026-09-20T20:15:59.401142+00:00 START 046-routing-ep4-allreduce-cap32768-r1 (46/60)
2026-09-20T20:17:42.041475+00:00 PASS 046-routing-ep4-allreduce-cap32768-r1
2026-09-20T20:17:43.113397+00:00 START 047-routing-ep8-allgather-cap32768-r1 (47/60)
2026-09-20T20:20:01.047393+00:00 PASS 047-routing-ep8-allgather-cap32768-r1
2026-09-20T20:20:02.114457+00:00 START 048-routing-ep8-allreduce-cap32768-r1 (48/60)
2026-09-20T20:22:20.846288+00:00 PASS 048-routing-ep8-allreduce-cap32768-r1
2026-09-20T20:22:22.047715+00:00 START 049-routing-ep4-allgather-cap32768-r2 (49/60)
2026-09-20T20:24:07.290187+00:00 PASS 049-routing-ep4-allgather-cap32768-r2
2026-09-20T20:24:08.509726+00:00 START 050-routing-ep4-allreduce-cap32768-r2 (50/60)
2026-09-20T20:25:51.597243+00:00 PASS 050-routing-ep4-allreduce-cap32768-r2
2026-09-20T20:25:52.891739+00:00 START 051-routing-ep8-allgather-cap32768-r2 (51/60)
2026-09-20T20:28:12.976467+00:00 PASS 051-routing-ep8-allgather-cap32768-r2
2026-09-20T20:28:13.984075+00:00 START 052-routing-ep8-allreduce-cap32768-r2 (52/60)
2026-09-20T20:30:34.368698+00:00 PASS 052-routing-ep8-allreduce-cap32768-r2
2026-09-20T20:30:35.569519+00:00 START 053-prefill-ep4-allgather-cap32768-r1 (53/60)
2026-09-20T20:32:18.053545+00:00 PASS 053-prefill-ep4-allgather-cap32768-r1
2026-09-20T20:32:19.266127+00:00 START 054-prefill-ep4-allreduce-cap32768-r1 (54/60)
2026-09-20T20:34:01.151287+00:00 PASS 054-prefill-ep4-allreduce-cap32768-r1
2026-09-20T20:34:02.237211+00:00 START 055-prefill-ep8-allgather-cap32768-r1 (55/60)
2026-09-20T20:36:02.596458+00:00 PASS 055-prefill-ep8-allgather-cap32768-r1
2026-09-20T20:36:03.662648+00:00 START 056-prefill-ep8-allreduce-cap32768-r1 (56/60)
2026-09-20T20:38:05.324824+00:00 PASS 056-prefill-ep8-allreduce-cap32768-r1
2026-09-20T20:38:06.404133+00:00 START 057-prefill-ep4-allgather-cap32768-r2 (57/60)
2026-09-20T20:39:49.645372+00:00 PASS 057-prefill-ep4-allgather-cap32768-r2
2026-09-20T20:39:50.684206+00:00 START 058-prefill-ep4-allreduce-cap32768-r2 (58/60)
2026-09-20T20:41:29.120713+00:00 PASS 058-prefill-ep4-allreduce-cap32768-r2
2026-09-20T20:41:30.174876+00:00 START 059-prefill-ep8-allgather-cap32768-r2 (59/60)
2026-09-20T20:43:31.485520+00:00 PASS 059-prefill-ep8-allgather-cap32768-r2
2026-09-20T20:43:32.609966+00:00 START 060-prefill-ep8-allreduce-cap32768-r2 (60/60)
2026-09-20T20:45:33.473069+00:00 PASS 060-prefill-ep8-allreduce-cap32768-r2
